<html>
<body>
<pre>
<h1>µVision Build Log</h1>
<h2>Tool Versions:</h2>
IDE-Version: ¦ÌVision V5.34.0.0
Copyright (C) 2021 ARM Ltd and ARM Germany GmbH. All rights reserved.
License Information: Novar Lo, icdiscovery, LIC=03C6R-KABIL-UHC8H-W4E8C-B8KH7-L3FRS
 
Tool Versions:
Toolchain:       MDK-ARM Plus  Version: 5.34.0.0
Toolchain Path:  D:\Keil_v5\ARM\ARMCC\Bin
C Compiler:      Armcc.exe V5.06 update 7 (build 960)
Assembler:       Armasm.exe V5.06 update 7 (build 960)
Linker/Locator:  ArmLink.exe V5.06 update 7 (build 960)
Library Manager: ArmAr.exe V5.06 update 7 (build 960)
Hex Converter:   FromElf.exe V5.06 update 7 (build 960)
CPU DLL:         SARMCM3.DLL V5.34.0.0
Dialog DLL:      DCM.DLL V1.17.3.0
Target DLL:      Segger\JL2CM3.dll V2.99.38.0
Dialog DLL:      TCM.DLL V1.48.0.0
 
<h2>Project:</h2>
E:\NovarWork\JKD_Proj\STM_DAQ\srcCode\Dev-daq32-net\USER\netdaq32.uvprojx
Project File Date:  06/04/2021

<h2>Output:</h2>
*** Using Compiler 'V5.06 update 7 (build 960)', folder: 'D:\Keil_v5\ARM\ARMCC\Bin'
Rebuild target 'daq32-net'
assembling startup_stm32f40_41xxx.s...
compiling bsp_timer.c...
compiling bsp_W25qxx.c...
compiling misc.c...
compiling stm32f4xx_fsmc.c...
compiling bsp_IO.c...
compiling stm32f4xx_it.c...
compiling bsp_ad7606.c...
compiling system_stm32f4xx.c...
compiling main.c...
compiling lan8720.c...
compiling stm32f4xx_gpio.c...
compiling stm32f4xx_rcc.c...
compiling stm32f4xx_syscfg.c...
compiling stm32f4xx_usart.c...
compiling stm32f4xx_exti.c...
compiling sys.c...
compiling stm32f4xx_spi.c...
compiling stm32f4xx_tim.c...
compiling malloc.c...
compiling stm32f4x7_eth.c...
compiling usmart.c...
compiling usart.c...
compiling autoip.c...
compiling igmp.c...
compiling inet.c...
compiling icmp.c...
compiling etharp.c...
compiling inet_chksum.c...
compiling def.c...
compiling ip.c...
compiling ip_addr.c...
compiling usmart_config.c...
compiling dns.c...
compiling dhcp.c...
compiling ip_frag.c...
compiling usmart_str.c...
compiling lwip_comm.c...
compiling udp_server.c...
compiling ethernetif.c...
compiling stats.c...
compiling mem.c...
compiling netif.c...
compiling init.c...
compiling raw.c...
compiling memp.c...
compiling pbuf.c...
compiling tcp.c...
compiling tcp_in.c...
compiling tcp_out.c...
compiling timers.c...
compiling lwip_sys.c...
compiling api_msg.c...
compiling err.c...
compiling netbuf.c...
compiling api_lib.c...
compiling udp.c...
compiling netdb.c...
compiling netifapi.c...
compiling sockets.c...
compiling tcpip.c...
compiling sys_arch.c...
linking...
Program Size: Code=48516 RO-data=992 RW-data=536 ZI-data=395488  
FromELF: creating hex file...
"..\OBJ\netdaq32.axf" - 0 Error(s), 0 Warning(s).

<h2>Software Packages used:</h2>

Package Vendor: Keil
                http://www.keil.com/pack/Keil.STM32F4xx_DFP.2.15.0.pack
                Keil.STM32F4xx_DFP.2.15.0
                STMicroelectronics STM32F4 Series Device Support, Drivers and Examples

<h2>Collection of Component include folders:</h2>
  D:\Keil_v5\Packs\Keil\STM32F4xx_DFP\2.15.0\Drivers\CMSIS\Device\ST\STM32F4xx\Include

<h2>Collection of Component Files used:</h2>
Build Time Elapsed:  00:00:16
</pre>
</body>
</html>
